main.c:110:6:interpreteComando	40	static
main.c:296:6:HAL_TIM_PeriodElapsedCallback	64	static
main.c:404:6:HAL_SPI_TxCpltCallback	16	static
main.c:412:6:HAL_SPI_RxCpltCallback	16	static
main.c:460:5:main	8	static
main.c:542:6:SystemClock_Config	72	static
main.c:581:13:MX_SPI2_Init	8	static
main.c:619:13:MX_TIM1_Init	96	static
main.c:693:13:MX_TIM2_Init	64	static
main.c:756:13:MX_TIM3_Init	56	static
main.c:805:13:MX_TIM4_Init	56	static
main.c:854:13:MX_GPIO_Init	40	static
main.c:894:6:Error_Handler	4	static
