main.c:109:6:interpreteComando	40	static
main.c:294:6:HAL_TIM_PeriodElapsedCallback	64	static
main.c:406:6:HAL_SPI_TxCpltCallback	16	static
main.c:414:6:HAL_SPI_RxCpltCallback	16	static
main.c:462:5:main	56	static
main.c:574:6:SystemClock_Config	72	static
main.c:610:13:MX_SPI2_Init	8	static
main.c:646:13:MX_TIM1_Init	96	static
main.c:715:13:MX_TIM2_Init	64	static
main.c:774:13:MX_TIM3_Init	56	static
main.c:821:13:MX_TIM4_Init	56	static
main.c:868:13:MX_GPIO_Init	40	static
main.c:918:6:Error_Handler	4	static
